Resolving Hex dependencies...
Resolution completed in 0.014s
New:
  nerves_bootstrap 1.15.3
* Getting nerves_bootstrap (Hex package)
All dependencies have been fetched
Compiling 7 files (.ex)
    warning: redefining module NervesBootstrap.Aliases (current version loaded from /home/fermuch/Documents/Dev/AYVU/nerves_system_dragon_q6a/.nix-mix/archives/nerves_bootstrap-1.15.3/nerves_bootstrap-1.15.3/ebin/Elixir.NervesBootstrap.Aliases.beam)
    │
  7 │ defmodule NervesBootstrap.Aliases do
    │ ~~~~~~~~~~~~~~~~~~~~~~~~~~~~~~~~~~~~
    │
    └─ lib/nerves_bootstrap/aliases.ex:7: NervesBootstrap.Aliases (module)

    warning: redefining module NervesBootstrap (current version loaded from /home/fermuch/Documents/Dev/AYVU/nerves_system_dragon_q6a/.nix-mix/archives/nerves_bootstrap-1.15.3/nerves_bootstrap-1.15.3/ebin/Elixir.NervesBootstrap.beam)
    │
  7 │ defmodule NervesBootstrap do
    │ ~~~~~~~~~~~~~~~~~~~~~~~~~~~~
    │
    └─ lib/nerves_bootstrap.ex:7: NervesBootstrap (module)

Generated nerves_bootstrap app
Generated archive "nerves_bootstrap-1.15.3.ez" with MIX_ENV=prod
* creating /home/fermuch/Documents/Dev/AYVU/nerves_system_dragon_q6a/.nix-mix/archives/nerves_bootstrap-1.15.3
    warning: module attribute @all_targets was set but never used
    │
  6 │   @all_targets [:dragon_q6a]
    │   ~~~~~~~~~~~~~~~~~~~~~~~~~~
    │
    └─ mix.exs:6: Example.MixProject (module)

Resolving Hex dependencies...
Resolution completed in 0.542s
New:
  circular_buffer 1.0.1
  elixir_make 0.10.0
  interactive_cmd 0.1.4
  jason 1.4.5
  nerves 1.14.3
  nerves_discovery 0.1.3
  nerves_logging 0.2.4
  nerves_runtime 0.13.13
  nerves_system_br 1.34.0
  nerves_toolchain_aarch64_nerves_linux_gnu 15.3.0
  nerves_uevent 0.1.7
  property_table 0.3.4
  ring_logger 0.11.5
  shoehorn 0.9.3
  tablet 0.3.3
  toolshed 0.5.0
  uboot_env 1.0.2
* Getting nerves (Hex package)
* Getting shoehorn (Hex package)
* Getting ring_logger (Hex package)
* Getting toolshed (Hex package)
* Getting nerves_runtime (Hex package)
* Getting nerves_system_br (Hex package)
* Getting nerves_toolchain_aarch64_nerves_linux_gnu (Hex package)
* Getting nerves_logging (Hex package)
* Getting nerves_uevent (Hex package)
* Getting uboot_env (Hex package)
* Getting elixir_make (Hex package)
* Getting property_table (Hex package)
* Getting circular_buffer (Hex package)
* Getting interactive_cmd (Hex package)
* Getting jason (Hex package)
* Getting nerves_discovery (Hex package)
* Getting tablet (Hex package)
    warning: module attribute @all_targets was set but never used
    │
  6 │   @all_targets [:dragon_q6a]
    │   ~~~~~~~~~~~~~~~~~~~~~~~~~~
    │
    └─ mix.exs:6: Example.MixProject (module)

==> nerves_system_br
Generated nerves_system_br app
==> circular_buffer
Compiling 1 file (.ex)
Generated circular_buffer app
==> jason
Compiling 10 files (.ex)
Generated jason app
==> tablet
Compiling 2 files (.ex)
Generated tablet app
==> elixir_make
Compiling 8 files (.ex)
Generated elixir_make app
==> nerves_logging
 CC kmsg_tailer.o
 LD kmsg_tailer
Not crosscompiling. To test locally, the port binary needs extra permissions.
Set SUDO=sudo to set permissions. The default is to skip this step.
SUDO_ASKPASS=/usr/bin/ssh-askpass
SUDO=true
Compiling 5 files (.ex)
Generated nerves_logging app
==> nerves_discovery
Compiling 5 files (.ex)
Generated nerves_discovery app
==> ring_logger
Compiling 7 files (.ex)
Generated ring_logger app
==> shoehorn
Compiling 8 files (.ex)
Generated shoehorn app
==> interactive_cmd
Compiling 1 file (.ex)
Generated interactive_cmd app
==> nerves
HOST_CC port.o
HOST_LD port
Compiling 50 files (.ex)
Generated nerves app
==> nerves_toolchain_aarch64_nerves_linux_gnu
could not compile dependency :nerves_toolchain_aarch64_nerves_linux_gnu, "mix compile" failed. Errors may have been logged above. You can recompile this dependency with "mix deps.compile nerves_toolchain_aarch64_nerves_linux_gnu --force", update it with "mix deps.update nerves_toolchain_aarch64_nerves_linux_gnu" or clean it with "mix deps.clean nerves_toolchain_aarch64_nerves_linux_gnu"
==> example
** (Mix) Compiling Nerves packages requires nerves_bootstrap to be started, which ought to
happen in your generated `config.exs`. Please ensure that MIX_TARGET is set in your environment.

